C:\Users\sures\java-print-manager\src\main\java\com\printmanager\ConfigManager.java
C:\Users\sures\java-print-manager\src\main\java\com\printmanager\model\SmartSplitRule.java
C:\Users\sures\java-print-manager\src\main\java\com\printmanager\PDFService.java
C:\Users\sures\java-print-manager\src\main\java\com\printmanager\Launcher.java
C:\Users\sures\java-print-manager\src\main\java\com\printmanager\TestPDFService.java
C:\Users\sures\java-print-manager\src\main\java\module-info.java
C:\Users\sures\java-print-manager\src\main\java\com\printmanager\model\RoomItem.java
C:\Users\sures\java-print-manager\src\main\java\com\printmanager\model\Config.java
C:\Users\sures\java-print-manager\src\main\java\com\printmanager\model\FileItem.java
C:\Users\sures\java-print-manager\src\main\java\com\printmanager\model\PrintRule.java
C:\Users\sures\java-print-manager\src\main\java\com\printmanager\PrintService.java
C:\Users\sures\java-print-manager\src\main\java\com\printmanager\PDFViewer.java
C:\Users\sures\java-print-manager\src\main\java\com\printmanager\App.java
C:\Users\sures\java-print-manager\src\main\java\com\printmanager\model\RoomGroup.java
